  Determining projects to restore...
  All projects are up-to-date for restore.
C:\Program Files\dotnet\sdk\8.0.417\Microsoft.Common.CurrentVersion.targets(5321,5): warning MSB3026: Could not copy "D:\Projects\Smart_Leave_-_Permission_Management_System\server\obj\Debug\net8.0\apphost.exe" to "bin\Debug\net8.0\SmartLeave.Api.exe". Beginning retry 1 in 1000ms. The process cannot access the file 'D:\Projects\Smart_Leave_-_Permission_Management_System\server\bin\Debug\net8.0\SmartLeave.Api.exe' because it is being used by another process. The file is locked by: "SmartLeave.Api (29412)" [D:\Projects\Smart_Leave_-_Permission_Management_System\server\SmartLeave.Api.csproj]
C:\Program Files\dotnet\sdk\8.0.417\Microsoft.Common.CurrentVersion.targets(5321,5): warning MSB3026: Could not copy "D:\Projects\Smart_Leave_-_Permission_Management_System\server\obj\Debug\net8.0\apphost.exe" to "bin\Debug\net8.0\SmartLeave.Api.exe". Beginning retry 2 in 1000ms. The process cannot access the file 'D:\Projects\Smart_Leave_-_Permission_Management_System\server\bin\Debug\net8.0\SmartLeave.Api.exe' because it is being used by another process. The file is locked by: "SmartLeave.Api (29412)" [D:\Projects\Smart_Leave_-_Permission_Management_System\server\SmartLeave.Api.csproj]
C:\Program Files\dotnet\sdk\8.0.417\Microsoft.Common.CurrentVersion.targets(5321,5): warning MSB3026: Could not copy "D:\Projects\Smart_Leave_-_Permission_Management_System\server\obj\Debug\net8.0\apphost.exe" to "bin\Debug\net8.0\SmartLeave.Api.exe". Beginning retry 3 in 1000ms. The process cannot access the file 'D:\Projects\Smart_Leave_-_Permission_Management_System\server\bin\Debug\net8.0\SmartLeave.Api.exe' because it is being used by another process. The file is locked by: "SmartLeave.Api (29412)" [D:\Projects\Smart_Leave_-_Permission_Management_System\server\SmartLeave.Api.csproj]
C:\Program Files\dotnet\sdk\8.0.417\Microsoft.Common.CurrentVersion.targets(5321,5): warning MSB3026: Could not copy "D:\Projects\Smart_Leave_-_Permission_Management_System\server\obj\Debug\net8.0\apphost.exe" to "bin\Debug\net8.0\SmartLeave.Api.exe". Beginning retry 4 in 1000ms. The process cannot access the file 'D:\Projects\Smart_Leave_-_Permission_Management_System\server\bin\Debug\net8.0\SmartLeave.Api.exe' because it is being used by another process. The file is locked by: "SmartLeave.Api (29412)" [D:\Projects\Smart_Leave_-_Permission_Management_System\server\SmartLeave.Api.csproj]
C:\Program Files\dotnet\sdk\8.0.417\Microsoft.Common.CurrentVersion.targets(5321,5): warning MSB3026: Could not copy "D:\Projects\Smart_Leave_-_Permission_Management_System\server\obj\Debug\net8.0\apphost.exe" to "bin\Debug\net8.0\SmartLeave.Api.exe". Beginning retry 5 in 1000ms. The process cannot access the file 'D:\Projects\Smart_Leave_-_Permission_Management_System\server\bin\Debug\net8.0\SmartLeave.Api.exe' because it is being used by another process. The file is locked by: "SmartLeave.Api (29412)" [D:\Projects\Smart_Leave_-_Permission_Management_System\server\SmartLeave.Api.csproj]
C:\Program Files\dotnet\sdk\8.0.417\Microsoft.Common.CurrentVersion.targets(5321,5): warning MSB3026: Could not copy "D:\Projects\Smart_Leave_-_Permission_Management_System\server\obj\Debug\net8.0\apphost.exe" to "bin\Debug\net8.0\SmartLeave.Api.exe". Beginning retry 6 in 1000ms. The process cannot access the file 'D:\Projects\Smart_Leave_-_Permission_Management_System\server\bin\Debug\net8.0\SmartLeave.Api.exe' because it is being used by another process. The file is locked by: "SmartLeave.Api (29412)" [D:\Projects\Smart_Leave_-_Permission_Management_System\server\SmartLeave.Api.csproj]
C:\Program Files\dotnet\sdk\8.0.417\Microsoft.Common.CurrentVersion.targets(5321,5): warning MSB3026: Could not copy "D:\Projects\Smart_Leave_-_Permission_Management_System\server\obj\Debug\net8.0\apphost.exe" to "bin\Debug\net8.0\SmartLeave.Api.exe". Beginning retry 7 in 1000ms. The process cannot access the file 'D:\Projects\Smart_Leave_-_Permission_Management_System\server\bin\Debug\net8.0\SmartLeave.Api.exe' because it is being used by another process. The file is locked by: "SmartLeave.Api (29412)" [D:\Projects\Smart_Leave_-_Permission_Management_System\server\SmartLeave.Api.csproj]
C:\Program Files\dotnet\sdk\8.0.417\Microsoft.Common.CurrentVersion.targets(5321,5): warning MSB3026: Could not copy "D:\Projects\Smart_Leave_-_Permission_Management_System\server\obj\Debug\net8.0\apphost.exe" to "bin\Debug\net8.0\SmartLeave.Api.exe". Beginning retry 8 in 1000ms. The process cannot access the file 'D:\Projects\Smart_Leave_-_Permission_Management_System\server\bin\Debug\net8.0\SmartLeave.Api.exe' because it is being used by another process. The file is locked by: "SmartLeave.Api (29412)" [D:\Projects\Smart_Leave_-_Permission_Management_System\server\SmartLeave.Api.csproj]
C:\Program Files\dotnet\sdk\8.0.417\Microsoft.Common.CurrentVersion.targets(5321,5): warning MSB3026: Could not copy "D:\Projects\Smart_Leave_-_Permission_Management_System\server\obj\Debug\net8.0\apphost.exe" to "bin\Debug\net8.0\SmartLeave.Api.exe". Beginning retry 9 in 1000ms. The process cannot access the file 'D:\Projects\Smart_Leave_-_Permission_Management_System\server\bin\Debug\net8.0\SmartLeave.Api.exe' because it is being used by another process. The file is locked by: "SmartLeave.Api (29412)" [D:\Projects\Smart_Leave_-_Permission_Management_System\server\SmartLeave.Api.csproj]
C:\Program Files\dotnet\sdk\8.0.417\Microsoft.Common.CurrentVersion.targets(5321,5): warning MSB3026: Could not copy "D:\Projects\Smart_Leave_-_Permission_Management_System\server\obj\Debug\net8.0\apphost.exe" to "bin\Debug\net8.0\SmartLeave.Api.exe". Beginning retry 10 in 1000ms. The process cannot access the file 'D:\Projects\Smart_Leave_-_Permission_Management_System\server\bin\Debug\net8.0\SmartLeave.Api.exe' because it is being used by another process. The file is locked by: "SmartLeave.Api (29412)" [D:\Projects\Smart_Leave_-_Permission_Management_System\server\SmartLeave.Api.csproj]
C:\Program Files\dotnet\sdk\8.0.417\Microsoft.Common.CurrentVersion.targets(5321,5): error MSB3027: Could not copy "D:\Projects\Smart_Leave_-_Permission_Management_System\server\obj\Debug\net8.0\apphost.exe" to "bin\Debug\net8.0\SmartLeave.Api.exe". Exceeded retry count of 10. Failed. The file is locked by: "SmartLeave.Api (29412)" [D:\Projects\Smart_Leave_-_Permission_Management_System\server\SmartLeave.Api.csproj]
C:\Program Files\dotnet\sdk\8.0.417\Microsoft.Common.CurrentVersion.targets(5321,5): error MSB3021: Unable to copy file "D:\Projects\Smart_Leave_-_Permission_Management_System\server\obj\Debug\net8.0\apphost.exe" to "bin\Debug\net8.0\SmartLeave.Api.exe". The process cannot access the file 'D:\Projects\Smart_Leave_-_Permission_Management_System\server\bin\Debug\net8.0\SmartLeave.Api.exe' because it is being used by another process. [D:\Projects\Smart_Leave_-_Permission_Management_System\server\SmartLeave.Api.csproj]

Build FAILED.

C:\Program Files\dotnet\sdk\8.0.417\Microsoft.Common.CurrentVersion.targets(5321,5): warning MSB3026: Could not copy "D:\Projects\Smart_Leave_-_Permission_Management_System\server\obj\Debug\net8.0\apphost.exe" to "bin\Debug\net8.0\SmartLeave.Api.exe". Beginning retry 1 in 1000ms. The process cannot access the file 'D:\Projects\Smart_Leave_-_Permission_Management_System\server\bin\Debug\net8.0\SmartLeave.Api.exe' because it is being used by another process. The file is locked by: "SmartLeave.Api (29412)" [D:\Projects\Smart_Leave_-_Permission_Management_System\server\SmartLeave.Api.csproj]
C:\Program Files\dotnet\sdk\8.0.417\Microsoft.Common.CurrentVersion.targets(5321,5): warning MSB3026: Could not copy "D:\Projects\Smart_Leave_-_Permission_Management_System\server\obj\Debug\net8.0\apphost.exe" to "bin\Debug\net8.0\SmartLeave.Api.exe". Beginning retry 2 in 1000ms. The process cannot access the file 'D:\Projects\Smart_Leave_-_Permission_Management_System\server\bin\Debug\net8.0\SmartLeave.Api.exe' because it is being used by another process. The file is locked by: "SmartLeave.Api (29412)" [D:\Projects\Smart_Leave_-_Permission_Management_System\server\SmartLeave.Api.csproj]
C:\Program Files\dotnet\sdk\8.0.417\Microsoft.Common.CurrentVersion.targets(5321,5): warning MSB3026: Could not copy "D:\Projects\Smart_Leave_-_Permission_Management_System\server\obj\Debug\net8.0\apphost.exe" to "bin\Debug\net8.0\SmartLeave.Api.exe". Beginning retry 3 in 1000ms. The process cannot access the file 'D:\Projects\Smart_Leave_-_Permission_Management_System\server\bin\Debug\net8.0\SmartLeave.Api.exe' because it is being used by another process. The file is locked by: "SmartLeave.Api (29412)" [D:\Projects\Smart_Leave_-_Permission_Management_System\server\SmartLeave.Api.csproj]
C:\Program Files\dotnet\sdk\8.0.417\Microsoft.Common.CurrentVersion.targets(5321,5): warning MSB3026: Could not copy "D:\Projects\Smart_Leave_-_Permission_Management_System\server\obj\Debug\net8.0\apphost.exe" to "bin\Debug\net8.0\SmartLeave.Api.exe". Beginning retry 4 in 1000ms. The process cannot access the file 'D:\Projects\Smart_Leave_-_Permission_Management_System\server\bin\Debug\net8.0\SmartLeave.Api.exe' because it is being used by another process. The file is locked by: "SmartLeave.Api (29412)" [D:\Projects\Smart_Leave_-_Permission_Management_System\server\SmartLeave.Api.csproj]
C:\Program Files\dotnet\sdk\8.0.417\Microsoft.Common.CurrentVersion.targets(5321,5): warning MSB3026: Could not copy "D:\Projects\Smart_Leave_-_Permission_Management_System\server\obj\Debug\net8.0\apphost.exe" to "bin\Debug\net8.0\SmartLeave.Api.exe". Beginning retry 5 in 1000ms. The process cannot access the file 'D:\Projects\Smart_Leave_-_Permission_Management_System\server\bin\Debug\net8.0\SmartLeave.Api.exe' because it is being used by another process. The file is locked by: "SmartLeave.Api (29412)" [D:\Projects\Smart_Leave_-_Permission_Management_System\server\SmartLeave.Api.csproj]
C:\Program Files\dotnet\sdk\8.0.417\Microsoft.Common.CurrentVersion.targets(5321,5): warning MSB3026: Could not copy "D:\Projects\Smart_Leave_-_Permission_Management_System\server\obj\Debug\net8.0\apphost.exe" to "bin\Debug\net8.0\SmartLeave.Api.exe". Beginning retry 6 in 1000ms. The process cannot access the file 'D:\Projects\Smart_Leave_-_Permission_Management_System\server\bin\Debug\net8.0\SmartLeave.Api.exe' because it is being used by another process. The file is locked by: "SmartLeave.Api (29412)" [D:\Projects\Smart_Leave_-_Permission_Management_System\server\SmartLeave.Api.csproj]
C:\Program Files\dotnet\sdk\8.0.417\Microsoft.Common.CurrentVersion.targets(5321,5): warning MSB3026: Could not copy "D:\Projects\Smart_Leave_-_Permission_Management_System\server\obj\Debug\net8.0\apphost.exe" to "bin\Debug\net8.0\SmartLeave.Api.exe". Beginning retry 7 in 1000ms. The process cannot access the file 'D:\Projects\Smart_Leave_-_Permission_Management_System\server\bin\Debug\net8.0\SmartLeave.Api.exe' because it is being used by another process. The file is locked by: "SmartLeave.Api (29412)" [D:\Projects\Smart_Leave_-_Permission_Management_System\server\SmartLeave.Api.csproj]
C:\Program Files\dotnet\sdk\8.0.417\Microsoft.Common.CurrentVersion.targets(5321,5): warning MSB3026: Could not copy "D:\Projects\Smart_Leave_-_Permission_Management_System\server\obj\Debug\net8.0\apphost.exe" to "bin\Debug\net8.0\SmartLeave.Api.exe". Beginning retry 8 in 1000ms. The process cannot access the file 'D:\Projects\Smart_Leave_-_Permission_Management_System\server\bin\Debug\net8.0\SmartLeave.Api.exe' because it is being used by another process. The file is locked by: "SmartLeave.Api (29412)" [D:\Projects\Smart_Leave_-_Permission_Management_System\server\SmartLeave.Api.csproj]
C:\Program Files\dotnet\sdk\8.0.417\Microsoft.Common.CurrentVersion.targets(5321,5): warning MSB3026: Could not copy "D:\Projects\Smart_Leave_-_Permission_Management_System\server\obj\Debug\net8.0\apphost.exe" to "bin\Debug\net8.0\SmartLeave.Api.exe". Beginning retry 9 in 1000ms. The process cannot access the file 'D:\Projects\Smart_Leave_-_Permission_Management_System\server\bin\Debug\net8.0\SmartLeave.Api.exe' because it is being used by another process. The file is locked by: "SmartLeave.Api (29412)" [D:\Projects\Smart_Leave_-_Permission_Management_System\server\SmartLeave.Api.csproj]
C:\Program Files\dotnet\sdk\8.0.417\Microsoft.Common.CurrentVersion.targets(5321,5): warning MSB3026: Could not copy "D:\Projects\Smart_Leave_-_Permission_Management_System\server\obj\Debug\net8.0\apphost.exe" to "bin\Debug\net8.0\SmartLeave.Api.exe". Beginning retry 10 in 1000ms. The process cannot access the file 'D:\Projects\Smart_Leave_-_Permission_Management_System\server\bin\Debug\net8.0\SmartLeave.Api.exe' because it is being used by another process. The file is locked by: "SmartLeave.Api (29412)" [D:\Projects\Smart_Leave_-_Permission_Management_System\server\SmartLeave.Api.csproj]
C:\Program Files\dotnet\sdk\8.0.417\Microsoft.Common.CurrentVersion.targets(5321,5): error MSB3027: Could not copy "D:\Projects\Smart_Leave_-_Permission_Management_System\server\obj\Debug\net8.0\apphost.exe" to "bin\Debug\net8.0\SmartLeave.Api.exe". Exceeded retry count of 10. Failed. The file is locked by: "SmartLeave.Api (29412)" [D:\Projects\Smart_Leave_-_Permission_Management_System\server\SmartLeave.Api.csproj]
C:\Program Files\dotnet\sdk\8.0.417\Microsoft.Common.CurrentVersion.targets(5321,5): error MSB3021: Unable to copy file "D:\Projects\Smart_Leave_-_Permission_Management_System\server\obj\Debug\net8.0\apphost.exe" to "bin\Debug\net8.0\SmartLeave.Api.exe". The process cannot access the file 'D:\Projects\Smart_Leave_-_Permission_Management_System\server\bin\Debug\net8.0\SmartLeave.Api.exe' because it is being used by another process. [D:\Projects\Smart_Leave_-_Permission_Management_System\server\SmartLeave.Api.csproj]
    10 Warning(s)
    2 Error(s)

Time Elapsed 00:00:12.83
